[     512ms] [INFO] %cDownload the React DevTools for a better development experience: https://react.dev/link/react-devtools font-weight:bold @ http://localhost:3000/_next/static/chunks/node_modules_next_dist_115brz8._.js:2477
[     533ms] [LOG] [HMR] connected @ http://localhost:3000/_next/static/chunks/node_modules_next_dist_115brz8._.js:2477
[     546ms] [ERROR] Manifest: Line: 1, column: 1, Syntax error. @ http://localhost:3000/manifest.json:0
[     602ms] [ERROR] Manifest: Line: 1, column: 1, Syntax error. @ http://localhost:3000/manifest.json:0
[  107094ms] [LOG] [Fast Refresh] rebuilding @ http://localhost:3000/_next/static/chunks/node_modules_next_dist_115brz8._.js:2477
[  107166ms] [LOG] [Fast Refresh] done in 173ms @ http://localhost:3000/_next/static/chunks/node_modules_next_dist_115brz8._.js:2477
[  117940ms] [LOG] [Fast Refresh] rebuilding @ http://localhost:3000/_next/static/chunks/node_modules_next_dist_115brz8._.js:2477
[  117963ms] [LOG] [Fast Refresh] done in 125ms @ http://localhost:3000/_next/static/chunks/node_modules_next_dist_115brz8._.js:2477
[  144229ms] [LOG] [Fast Refresh] rebuilding @ http://localhost:3000/_next/static/chunks/node_modules_next_dist_115brz8._.js:2477
[  144539ms] [LOG] [Fast Refresh] done in 370ms @ http://localhost:3000/_next/static/chunks/node_modules_next_dist_115brz8._.js:2477
[  146539ms] [ERROR] Manifest: Line: 1, column: 1, Syntax error. @ http://localhost:3000/manifest.json:0
[  149541ms] [WARNING] The resource http://localhost:3000/_next/static/media/612838607db3d51d-s.p.0yvdtz6_qans-.woff2 was preloaded using link preload but not used within a few seconds from the window's load event. Please make sure it has an appropriate `as` value and it is preloaded intentionally. @ http://localhost:3000/more:0
[  149541ms] [WARNING] The resource http://localhost:3000/_next/static/media/303804218d80822e-s.p.11p_15xsjt-ie.woff2 was preloaded using link preload but not used within a few seconds from the window's load event. Please make sure it has an appropriate `as` value and it is preloaded intentionally. @ http://localhost:3000/more:0
[  149541ms] [WARNING] The resource http://localhost:3000/_next/static/media/235a0ef330592118-s.p.0b723ysm_ve25.woff2 was preloaded using link preload but not used within a few seconds from the window's load event. Please make sure it has an appropriate `as` value and it is preloaded intentionally. @ http://localhost:3000/more:0
[  149541ms] [WARNING] The resource http://localhost:3000/_next/static/media/4f530f52d514af96-s.p.0aapj9pyt9oam.woff2 was preloaded using link preload but not used within a few seconds from the window's load event. Please make sure it has an appropriate `as` value and it is preloaded intentionally. @ http://localhost:3000/more:0
[  149541ms] [WARNING] The resource http://localhost:3000/_next/static/media/d9b5d46d9a89ffe6-s.p.0agk34fg-1.z0.woff2 was preloaded using link preload but not used within a few seconds from the window's load event. Please make sure it has an appropriate `as` value and it is preloaded intentionally. @ http://localhost:3000/more:0
[  180180ms] [LOG] [Fast Refresh] rebuilding @ http://localhost:3000/_next/static/chunks/node_modules_next_dist_115brz8._.js:2477
[  180336ms] [LOG] [Fast Refresh] done in 166ms @ http://localhost:3000/_next/static/chunks/node_modules_next_dist_115brz8._.js:2477
[  180817ms] [ERROR] Manifest: Line: 1, column: 1, Syntax error. @ http://localhost:3000/manifest.json:0
[  183818ms] [WARNING] The resource http://localhost:3000/_next/static/media/612838607db3d51d-s.p.0yvdtz6_qans-.woff2 was preloaded using link preload but not used within a few seconds from the window's load event. Please make sure it has an appropriate `as` value and it is preloaded intentionally. @ http://localhost:3000/more:0
[  183818ms] [WARNING] The resource http://localhost:3000/_next/static/media/303804218d80822e-s.p.11p_15xsjt-ie.woff2 was preloaded using link preload but not used within a few seconds from the window's load event. Please make sure it has an appropriate `as` value and it is preloaded intentionally. @ http://localhost:3000/more:0
[  183818ms] [WARNING] The resource http://localhost:3000/_next/static/media/235a0ef330592118-s.p.0b723ysm_ve25.woff2 was preloaded using link preload but not used within a few seconds from the window's load event. Please make sure it has an appropriate `as` value and it is preloaded intentionally. @ http://localhost:3000/more:0
[  183818ms] [WARNING] The resource http://localhost:3000/_next/static/media/4f530f52d514af96-s.p.0aapj9pyt9oam.woff2 was preloaded using link preload but not used within a few seconds from the window's load event. Please make sure it has an appropriate `as` value and it is preloaded intentionally. @ http://localhost:3000/more:0
[  183818ms] [WARNING] The resource http://localhost:3000/_next/static/media/d9b5d46d9a89ffe6-s.p.0agk34fg-1.z0.woff2 was preloaded using link preload but not used within a few seconds from the window's load event. Please make sure it has an appropriate `as` value and it is preloaded intentionally. @ http://localhost:3000/more:0
[  189967ms] [LOG] [Fast Refresh] rebuilding @ http://localhost:3000/_next/static/chunks/node_modules_next_dist_115brz8._.js:2477
[  189999ms] [LOG] [Fast Refresh] done in 32ms @ http://localhost:3000/_next/static/chunks/node_modules_next_dist_115brz8._.js:2477
[  190534ms] [ERROR] Manifest: Line: 1, column: 1, Syntax error. @ http://localhost:3000/manifest.json:0
[  193536ms] [WARNING] The resource http://localhost:3000/_next/static/media/612838607db3d51d-s.p.0yvdtz6_qans-.woff2 was preloaded using link preload but not used within a few seconds from the window's load event. Please make sure it has an appropriate `as` value and it is preloaded intentionally. @ http://localhost:3000/more:0
[  193536ms] [WARNING] The resource http://localhost:3000/_next/static/media/303804218d80822e-s.p.11p_15xsjt-ie.woff2 was preloaded using link preload but not used within a few seconds from the window's load event. Please make sure it has an appropriate `as` value and it is preloaded intentionally. @ http://localhost:3000/more:0
[  193536ms] [WARNING] The resource http://localhost:3000/_next/static/media/235a0ef330592118-s.p.0b723ysm_ve25.woff2 was preloaded using link preload but not used within a few seconds from the window's load event. Please make sure it has an appropriate `as` value and it is preloaded intentionally. @ http://localhost:3000/more:0
[  193536ms] [WARNING] The resource http://localhost:3000/_next/static/media/4f530f52d514af96-s.p.0aapj9pyt9oam.woff2 was preloaded using link preload but not used within a few seconds from the window's load event. Please make sure it has an appropriate `as` value and it is preloaded intentionally. @ http://localhost:3000/more:0
[  193536ms] [WARNING] The resource http://localhost:3000/_next/static/media/d9b5d46d9a89ffe6-s.p.0agk34fg-1.z0.woff2 was preloaded using link preload but not used within a few seconds from the window's load event. Please make sure it has an appropriate `as` value and it is preloaded intentionally. @ http://localhost:3000/more:0
[  211084ms] [ERROR] Manifest: Line: 1, column: 1, Syntax error. @ http://localhost:3000/manifest.json:0
[  215632ms] [WARNING] The resource http://localhost:3000/_next/static/media/612838607db3d51d-s.p.0yvdtz6_qans-.woff2 was preloaded using link preload but not used within a few seconds from the window's load event. Please make sure it has an appropriate `as` value and it is preloaded intentionally. @ http://localhost:3000/:0
[  215632ms] [WARNING] The resource http://localhost:3000/_next/static/media/303804218d80822e-s.p.11p_15xsjt-ie.woff2 was preloaded using link preload but not used within a few seconds from the window's load event. Please make sure it has an appropriate `as` value and it is preloaded intentionally. @ http://localhost:3000/:0
[  215632ms] [WARNING] The resource http://localhost:3000/_next/static/media/235a0ef330592118-s.p.0b723ysm_ve25.woff2 was preloaded using link preload but not used within a few seconds from the window's load event. Please make sure it has an appropriate `as` value and it is preloaded intentionally. @ http://localhost:3000/:0
[  215632ms] [WARNING] The resource http://localhost:3000/_next/static/media/4f530f52d514af96-s.p.0aapj9pyt9oam.woff2 was preloaded using link preload but not used within a few seconds from the window's load event. Please make sure it has an appropriate `as` value and it is preloaded intentionally. @ http://localhost:3000/:0
[  215632ms] [WARNING] The resource http://localhost:3000/_next/static/media/d9b5d46d9a89ffe6-s.p.0agk34fg-1.z0.woff2 was preloaded using link preload but not used within a few seconds from the window's load event. Please make sure it has an appropriate `as` value and it is preloaded intentionally. @ http://localhost:3000/:0
[  217369ms] [LOG] [Fast Refresh] rebuilding @ http://localhost:3000/_next/static/chunks/node_modules_next_dist_115brz8._.js:2477
[  217672ms] [ERROR] ./src/app/(app)/page.tsx:371:7
Expected '</', got ')'
  369 |           </div>
  370 |         </div>
> 371 |       )}
      |       ^
  372 |
  373 |       {/* Sleep (when WHOOP connected) */}
  374 |       {showSleep && ctx.sleep && (

Parsing ecmascript source code failed @ http://localhost:3000/_next/static/chunks/node_modules_next_dist_115brz8._.js:3318
[  217739ms] [ERROR] ./src/app/(app)/page.tsx:371:7
Expected '</', got ')'
  369 |           </div>
  370 |         </div>
> 371 |       )}
      |       ^
  372 |
  373 |       {/* Sleep (when WHOOP connected) */}
  374 |       {showSleep && ctx.sleep && (

Parsing ecmascript source code failed @ http://localhost:3000/_next/static/chunks/node_modules_next_dist_115brz8._.js:3318
[  217794ms] [LOG] [Fast Refresh] rebuilding @ http://localhost:3000/_next/static/chunks/node_modules_next_dist_115brz8._.js:2477
[  217971ms] [ERROR] ./src/app/(app)/page.tsx:371:7
Expected '</', got ')'
  369 |           </div>
  370 |         </div>
> 371 |       )}
      |       ^
  372 |
  373 |       {/* Sleep (when WHOOP connected) */}
  374 |       {showSleep && ctx.sleep && (

Parsing ecmascript source code failed @ http://localhost:3000/_next/static/chunks/node_modules_next_dist_115brz8._.js:3318
[  218072ms] [LOG] [Fast Refresh] rebuilding @ http://localhost:3000/_next/static/chunks/node_modules_next_dist_115brz8._.js:2477
[  218227ms] [ERROR] ./src/app/(app)/page.tsx:371:7
Expected '</', got ')'
  369 |           </div>
  370 |         </div>
> 371 |       )}
      |       ^
  372 |
  373 |       {/* Sleep (when WHOOP connected) */}
  374 |       {showSleep && ctx.sleep && (

Parsing ecmascript source code failed @ http://localhost:3000/_next/static/chunks/node_modules_next_dist_115brz8._.js:3318
[  218328ms] [LOG] [Fast Refresh] rebuilding @ http://localhost:3000/_next/static/chunks/node_modules_next_dist_115brz8._.js:2477
[  218461ms] [ERROR] ./src/app/(app)/page.tsx:371:7
Expected '</', got ')'
  369 |           </div>
  370 |         </div>
> 371 |       )}
      |       ^
  372 |
  373 |       {/* Sleep (when WHOOP connected) */}
  374 |       {showSleep && ctx.sleep && (

Parsing ecmascript source code failed @ http://localhost:3000/_next/static/chunks/node_modules_next_dist_115brz8._.js:3318
[  218462ms] [ERROR] Failed to load resource: the server responded with a status of 500 (Internal Server Error) @ http://localhost:3000/?_rsc=Vwk9sW2uY8OS9gtj:0
[  218687ms] [ERROR] Failed to load resource: the server responded with a status of 500 (Internal Server Error) @ http://localhost:3000/?_rsc=Vwk9sW2uY8OS9gtj:0
[  218712ms] [ERROR] ./src/app/(app)/page.tsx:371:7
Expected '</', got ')'
  369 |           </div>
  370 |         </div>
> 371 |       )}
      |       ^
  372 |
  373 |       {/* Sleep (when WHOOP connected) */}
  374 |       {showSleep && ctx.sleep && (

Parsing ecmascript source code failed @ http://localhost:3000/_next/static/chunks/node_modules_next_dist_115brz8._.js:3318
[  218771ms] [ERROR] Failed to load resource: the server responded with a status of 500 (Internal Server Error) @ http://localhost:3000/:0
[  218830ms] [INFO] %cDownload the React DevTools for a better development experience: https://react.dev/link/react-devtools font-weight:bold @ http://localhost:3000/_next/static/chunks/node_modules_react-dom_0bruynb._.js:15305
[  218859ms] Error: ./src/app/(app)/page.tsx:371:7
Expected '</', got ')'
  369 |           </div>
  370 |         </div>
> 371 |       )}
      |       ^
  372 |
  373 |       {/* Sleep (when WHOOP connected) */}
  374 |       {showSleep && ctx.sleep && (

Parsing ecmascript source code failed


    at <unknown> (Error: ./src/app/(app)/page.tsx:371:7)
    at Object.getCompilationErrors (file:///Users/macintoshhd/Desktop/Apex/node_modules/next/dist/server/dev/hot-reloader-turbopack.js:1186:59)
    at DevBundlerService.getCompilationError (file:///Users/macintoshhd/Desktop/Apex/node_modules/next/dist/server/lib/dev-bundler-service.js:44:55)
    at DevServer.getCompilationError (file:///Users/macintoshhd/Desktop/Apex/node_modules/next/dist/server/dev/next-dev-server.js:720:42)
    at DevServer.findPageComponents (file:///Users/macintoshhd/Desktop/Apex/node_modules/next/dist/server/dev/next-dev-server.js:690:43)
    at async DevServer.renderErrorToResponseImpl (file:///Users/macintoshhd/Desktop/Apex/node_modules/next/dist/server/base-server.js:1753:26)
[  218859ms] [LOG] [HMR] connected @ http://localhost:3000/_next/static/chunks/node_modules_next_dist_0u_w_5s._.js:1226
[  218860ms] [ERROR] ./src/app/(app)/page.tsx:371:7
Expected '</', got ')'
  369 |           </div>
  370 |         </div>
> 371 |       )}
      |       ^
  372 |
  373 |       {/* Sleep (when WHOOP connected) */}
  374 |       {showSleep && ctx.sleep && (

Parsing ecmascript source code failed @ http://localhost:3000/_next/static/chunks/node_modules_next_dist_0u_w_5s._.js:1945
[  218915ms] [ERROR] ./src/app/(app)/page.tsx:371:7
Expected '</', got ')'
  369 |           </div>
  370 |         </div>
> 371 |       )}
      |       ^
  372 |
  373 |       {/* Sleep (when WHOOP connected) */}
  374 |       {showSleep && ctx.sleep && (

Parsing ecmascript source code failed @ http://localhost:3000/_next/static/chunks/node_modules_next_dist_0u_w_5s._.js:1945
[  218967ms] [LOG] [Fast Refresh] rebuilding @ http://localhost:3000/_next/static/chunks/node_modules_next_dist_0u_w_5s._.js:1226
[  222349ms] [LOG] [Fast Refresh] rebuilding @ http://localhost:3000/_next/static/chunks/node_modules_next_dist_0u_w_5s._.js:1226
[  222409ms] [LOG] [Fast Refresh] done in 29ms @ http://localhost:3000/_next/static/chunks/node_modules_next_dist_0u_w_5s._.js:1226
[  224301ms] [INFO] %cDownload the React DevTools for a better development experience: https://react.dev/link/react-devtools font-weight:bold @ http://localhost:3000/_next/static/chunks/node_modules_next_dist_115brz8._.js:2477
[  224352ms] [LOG] [HMR] connected @ http://localhost:3000/_next/static/chunks/node_modules_next_dist_115brz8._.js:2477
[  224359ms] [ERROR] Manifest: Line: 1, column: 1, Syntax error. @ http://localhost:3000/manifest.json:0
[  224406ms] [ERROR] Manifest: Line: 1, column: 1, Syntax error. @ http://localhost:3000/manifest.json:0
[  244882ms] [LOG] [Fast Refresh] rebuilding @ http://localhost:3000/_next/static/chunks/node_modules_next_dist_115brz8._.js:2477
[  244919ms] [LOG] [Fast Refresh] done in 46ms @ http://localhost:3000/_next/static/chunks/node_modules_next_dist_115brz8._.js:2477
[  252015ms] [LOG] [Fast Refresh] rebuilding @ http://localhost:3000/_next/static/chunks/node_modules_next_dist_115brz8._.js:2477
[  252043ms] [LOG] [Fast Refresh] done in 41ms @ http://localhost:3000/_next/static/chunks/node_modules_next_dist_115brz8._.js:2477
[  258507ms] [LOG] [Fast Refresh] rebuilding @ http://localhost:3000/_next/static/chunks/node_modules_next_dist_115brz8._.js:2477
[  258536ms] [LOG] [Fast Refresh] done in 94ms @ http://localhost:3000/_next/static/chunks/node_modules_next_dist_115brz8._.js:2477
[  265564ms] [LOG] [Fast Refresh] rebuilding @ http://localhost:3000/_next/static/chunks/node_modules_next_dist_115brz8._.js:2477
[  265590ms] [LOG] [Fast Refresh] done in 129ms @ http://localhost:3000/_next/static/chunks/node_modules_next_dist_115brz8._.js:2477
[  273179ms] [ERROR] Manifest: Line: 1, column: 1, Syntax error. @ http://localhost:3000/manifest.json:0
[  273771ms] [LOG] [Fast Refresh] rebuilding @ http://localhost:3000/_next/static/chunks/node_modules_next_dist_115brz8._.js:2477
[  273811ms] [LOG] [Fast Refresh] done in 110ms @ http://localhost:3000/_next/static/chunks/node_modules_next_dist_115brz8._.js:2477
[  274760ms] [ERROR] Manifest: Line: 1, column: 1, Syntax error. @ http://localhost:3000/manifest.json:0
[  282103ms] [LOG] [Fast Refresh] rebuilding @ http://localhost:3000/_next/static/chunks/node_modules_next_dist_115brz8._.js:2477
[  282133ms] [LOG] [Fast Refresh] done in 64ms @ http://localhost:3000/_next/static/chunks/node_modules_next_dist_115brz8._.js:2477
