[     457ms] [VERBOSE] [DOM] Password field is not contained in a form: (More info: https://goo.gl/9p2vKq) %o @ http://localhost:3000/login:0
[     516ms] [ERROR] Manifest: Line: 1, column: 1, Syntax error. @ http://localhost:3000/manifest.json:0
[     585ms] [INFO] %cDownload the React DevTools for a better development experience: https://react.dev/link/react-devtools font-weight:bold @ http://localhost:3000/_next/static/chunks/node_modules_next_dist_115brz8._.js:2477
[     628ms] [LOG] [HMR] connected @ http://localhost:3000/_next/static/chunks/node_modules_next_dist_115brz8._.js:2477
[     810ms] [ERROR] Manifest: Line: 1, column: 1, Syntax error. @ http://localhost:3000/manifest.json:0
[   12313ms] [LOG] [Fast Refresh] rebuilding @ http://localhost:3000/_next/static/chunks/node_modules_next_dist_115brz8._.js:2477
[   12390ms] [LOG] [Fast Refresh] done in 179ms @ http://localhost:3000/_next/static/chunks/node_modules_next_dist_115brz8._.js:2477
[   55901ms] [ERROR] Manifest: Line: 1, column: 1, Syntax error. @ http://localhost:3000/manifest.json:0
[   56015ms] [LOG] [Fast Refresh] rebuilding @ http://localhost:3000/_next/static/chunks/node_modules_next_dist_115brz8._.js:2477
[   56143ms] [LOG] [Fast Refresh] done in 230ms @ http://localhost:3000/_next/static/chunks/node_modules_next_dist_115brz8._.js:2477
[   62034ms] [WARNING] The resource http://localhost:3000/_next/static/media/a083361d37caf3d1-s.p.08pvxdps0wo-e.woff2 was preloaded using link preload but not used within a few seconds from the window's load event. Please make sure it has an appropriate `as` value and it is preloaded intentionally. @ http://localhost:3000/:0
[   62035ms] [WARNING] The resource http://localhost:3000/_next/static/media/612838607db3d51d-s.p.0yvdtz6_qans-.woff2 was preloaded using link preload but not used within a few seconds from the window's load event. Please make sure it has an appropriate `as` value and it is preloaded intentionally. @ http://localhost:3000/:0
[   62035ms] [WARNING] The resource http://localhost:3000/_next/static/media/303804218d80822e-s.p.11p_15xsjt-ie.woff2 was preloaded using link preload but not used within a few seconds from the window's load event. Please make sure it has an appropriate `as` value and it is preloaded intentionally. @ http://localhost:3000/:0
[   62035ms] [WARNING] The resource http://localhost:3000/_next/static/media/0595f7052377a1a2-s.p.0u0xtu5i3hze-.woff2 was preloaded using link preload but not used within a few seconds from the window's load event. Please make sure it has an appropriate `as` value and it is preloaded intentionally. @ http://localhost:3000/:0
[   62035ms] [WARNING] The resource http://localhost:3000/_next/static/media/235a0ef330592118-s.p.0b723ysm_ve25.woff2 was preloaded using link preload but not used within a few seconds from the window's load event. Please make sure it has an appropriate `as` value and it is preloaded intentionally. @ http://localhost:3000/:0
[   62035ms] [WARNING] The resource http://localhost:3000/_next/static/media/c6e2684784a55443-s.p.0v346keojskif.woff2 was preloaded using link preload but not used within a few seconds from the window's load event. Please make sure it has an appropriate `as` value and it is preloaded intentionally. @ http://localhost:3000/:0
[   62035ms] [WARNING] The resource http://localhost:3000/_next/static/media/6c98c9fb873995d2-s.p.0o4ax6vjjs2k3.woff2 was preloaded using link preload but not used within a few seconds from the window's load event. Please make sure it has an appropriate `as` value and it is preloaded intentionally. @ http://localhost:3000/:0
[   62035ms] [WARNING] The resource http://localhost:3000/_next/static/media/4f530f52d514af96-s.p.0aapj9pyt9oam.woff2 was preloaded using link preload but not used within a few seconds from the window's load event. Please make sure it has an appropriate `as` value and it is preloaded intentionally. @ http://localhost:3000/:0
[   62035ms] [WARNING] The resource http://localhost:3000/_next/static/media/d9b5d46d9a89ffe6-s.p.0agk34fg-1.z0.woff2 was preloaded using link preload but not used within a few seconds from the window's load event. Please make sure it has an appropriate `as` value and it is preloaded intentionally. @ http://localhost:3000/:0
[   65909ms] [ERROR] Manifest: Line: 1, column: 1, Syntax error. @ http://localhost:3000/manifest.json:0
[   68910ms] [WARNING] The resource http://localhost:3000/_next/static/media/a083361d37caf3d1-s.p.08pvxdps0wo-e.woff2 was preloaded using link preload but not used within a few seconds from the window's load event. Please make sure it has an appropriate `as` value and it is preloaded intentionally. @ http://localhost:3000/chat:0
[   68911ms] [WARNING] The resource http://localhost:3000/_next/static/media/612838607db3d51d-s.p.0yvdtz6_qans-.woff2 was preloaded using link preload but not used within a few seconds from the window's load event. Please make sure it has an appropriate `as` value and it is preloaded intentionally. @ http://localhost:3000/chat:0
[   68911ms] [WARNING] The resource http://localhost:3000/_next/static/media/303804218d80822e-s.p.11p_15xsjt-ie.woff2 was preloaded using link preload but not used within a few seconds from the window's load event. Please make sure it has an appropriate `as` value and it is preloaded intentionally. @ http://localhost:3000/chat:0
[   68911ms] [WARNING] The resource http://localhost:3000/_next/static/media/0595f7052377a1a2-s.p.0u0xtu5i3hze-.woff2 was preloaded using link preload but not used within a few seconds from the window's load event. Please make sure it has an appropriate `as` value and it is preloaded intentionally. @ http://localhost:3000/chat:0
[   68911ms] [WARNING] The resource http://localhost:3000/_next/static/media/235a0ef330592118-s.p.0b723ysm_ve25.woff2 was preloaded using link preload but not used within a few seconds from the window's load event. Please make sure it has an appropriate `as` value and it is preloaded intentionally. @ http://localhost:3000/chat:0
[   68911ms] [WARNING] The resource http://localhost:3000/_next/static/media/c6e2684784a55443-s.p.0v346keojskif.woff2 was preloaded using link preload but not used within a few seconds from the window's load event. Please make sure it has an appropriate `as` value and it is preloaded intentionally. @ http://localhost:3000/chat:0
[   68911ms] [WARNING] The resource http://localhost:3000/_next/static/media/6c98c9fb873995d2-s.p.0o4ax6vjjs2k3.woff2 was preloaded using link preload but not used within a few seconds from the window's load event. Please make sure it has an appropriate `as` value and it is preloaded intentionally. @ http://localhost:3000/chat:0
[   68911ms] [WARNING] The resource http://localhost:3000/_next/static/media/4f530f52d514af96-s.p.0aapj9pyt9oam.woff2 was preloaded using link preload but not used within a few seconds from the window's load event. Please make sure it has an appropriate `as` value and it is preloaded intentionally. @ http://localhost:3000/chat:0
[   68911ms] [WARNING] The resource http://localhost:3000/_next/static/media/d9b5d46d9a89ffe6-s.p.0agk34fg-1.z0.woff2 was preloaded using link preload but not used within a few seconds from the window's load event. Please make sure it has an appropriate `as` value and it is preloaded intentionally. @ http://localhost:3000/chat:0
[  126758ms] [ERROR] Failed to load resource: the server responded with a status of 500 (Internal Server Error) @ http://localhost:3000/api/chat:0
[  129760ms] [WARNING] The resource http://localhost:3000/_next/static/media/a083361d37caf3d1-s.p.08pvxdps0wo-e.woff2 was preloaded using link preload but not used within a few seconds from the window's load event. Please make sure it has an appropriate `as` value and it is preloaded intentionally. @ http://localhost:3000/chat:0
[  129761ms] [WARNING] The resource http://localhost:3000/_next/static/media/612838607db3d51d-s.p.0yvdtz6_qans-.woff2 was preloaded using link preload but not used within a few seconds from the window's load event. Please make sure it has an appropriate `as` value and it is preloaded intentionally. @ http://localhost:3000/chat:0
[  129761ms] [WARNING] The resource http://localhost:3000/_next/static/media/303804218d80822e-s.p.11p_15xsjt-ie.woff2 was preloaded using link preload but not used within a few seconds from the window's load event. Please make sure it has an appropriate `as` value and it is preloaded intentionally. @ http://localhost:3000/chat:0
[  129761ms] [WARNING] The resource http://localhost:3000/_next/static/media/0595f7052377a1a2-s.p.0u0xtu5i3hze-.woff2 was preloaded using link preload but not used within a few seconds from the window's load event. Please make sure it has an appropriate `as` value and it is preloaded intentionally. @ http://localhost:3000/chat:0
[  129761ms] [WARNING] The resource http://localhost:3000/_next/static/media/235a0ef330592118-s.p.0b723ysm_ve25.woff2 was preloaded using link preload but not used within a few seconds from the window's load event. Please make sure it has an appropriate `as` value and it is preloaded intentionally. @ http://localhost:3000/chat:0
[  129761ms] [WARNING] The resource http://localhost:3000/_next/static/media/c6e2684784a55443-s.p.0v346keojskif.woff2 was preloaded using link preload but not used within a few seconds from the window's load event. Please make sure it has an appropriate `as` value and it is preloaded intentionally. @ http://localhost:3000/chat:0
[  129761ms] [WARNING] The resource http://localhost:3000/_next/static/media/6c98c9fb873995d2-s.p.0o4ax6vjjs2k3.woff2 was preloaded using link preload but not used within a few seconds from the window's load event. Please make sure it has an appropriate `as` value and it is preloaded intentionally. @ http://localhost:3000/chat:0
[  129761ms] [WARNING] The resource http://localhost:3000/_next/static/media/4f530f52d514af96-s.p.0aapj9pyt9oam.woff2 was preloaded using link preload but not used within a few seconds from the window's load event. Please make sure it has an appropriate `as` value and it is preloaded intentionally. @ http://localhost:3000/chat:0
[  129761ms] [WARNING] The resource http://localhost:3000/_next/static/media/d9b5d46d9a89ffe6-s.p.0agk34fg-1.z0.woff2 was preloaded using link preload but not used within a few seconds from the window's load event. Please make sure it has an appropriate `as` value and it is preloaded intentionally. @ http://localhost:3000/chat:0
